CMD:
/home/robinr/Desktop/VSCode/CIRAD_PhD_Robin/.venv/bin/python scripts/Benchmark_tabpfn/pipeline_tabpfn_final.py --datasets Data/regression/ALPINE/ALPINE_C_424_KS --output_dir Results/tabpfn_reg_final --task_type regression --seed 42 --n_splits 3 --n_estimators_search 4 --n_estimators_final 16 --model_path tabpfn-v2.5-regressor-v2.5_real.ckpt --parallel --n_jobs 18 --use_tmp_dir

====================================================================================================
Dataset: ALPINE_C_424_KS
====================================================================================================
Search configs: 48 | SPXYG folds: 3 | parallel=True n_jobs=18
TabPFN device: cpu
Submitted 48 jobs to the process pool.
Evaluating configs:   0%|          | 0/48 [00:00<?, ?cfg/s]Evaluating configs:   0%|          | 0/48 [00:00<?, ?cfg/s]
concurrent.futures.process._RemoteTraceback: 
"""
Traceback (most recent call last):
  File "/usr/lib/python3.12/concurrent/futures/process.py", line 263, in _process_worker
    r = call_item.fn(*call_item.args, **call_item.kwargs)
        ^^^^^^^^^^^^^^^^^^^^^^^^^^^^^^^^^^^^^^^^^^^^^^^^^
  File "/home/robinr/Desktop/VSCode/CIRAD_PhD_Robin/scripts/Benchmark_tabpfn/pipeline_tabpfn_final.py", line 397, in worker_eval_one_config
    return cv_evaluate_config(
           ^^^^^^^^^^^^^^^^^^^
  File "/home/robinr/Desktop/VSCode/CIRAD_PhD_Robin/scripts/Benchmark_tabpfn/pipeline_tabpfn_final.py", line 304, in cv_evaluate_config
    folds = list(split.split(X, y))
            ^^^^^^^^^^^^^^^^^^^^^^^
  File "/home/robinr/Desktop/VSCode/nirs4all/nirs4all/operators/splitters/splitters.py", line 953, in split
    D = self._compute_distance_matrix(X, y if self.y_metric else None)
        ^^^^^^^^^^^^^^^^^^^^^^^^^^^^^^^^^^^^^^^^^^^^^^^^^^^^^^^^^^^^^^
  File "/home/robinr/Desktop/VSCode/nirs4all/nirs4all/operators/splitters/splitters.py", line 769, in _compute_distance_matrix
    D_X = cdist(X, X, metric=self.metric)
          ^^^^^^^^^^^^^^^^^^^^^^^^^^^^^^^
  File "/home/robinr/Desktop/VSCode/CIRAD_PhD_Robin/.venv/lib/python3.12/site-packages/scipy/spatial/distance.py", line 3134, in cdist
    return cdist_fn(XA, XB, out=out, **kwargs)
           ^^^^^^^^^^^^^^^^^^^^^^^^^^^^^^^^^^^
ValueError: Unsupported dtype object
"""

The above exception was the direct cause of the following exception:

Traceback (most recent call last):
  File "/home/robinr/Desktop/VSCode/CIRAD_PhD_Robin/scripts/Benchmark_tabpfn/pipeline_tabpfn_final.py", line 576, in <module>
    main()
  File "/home/robinr/Desktop/VSCode/CIRAD_PhD_Robin/scripts/Benchmark_tabpfn/pipeline_tabpfn_final.py", line 507, in main
    results.append(fut.result())
                   ^^^^^^^^^^^^
  File "/usr/lib/python3.12/concurrent/futures/_base.py", line 449, in result
    return self.__get_result()
           ^^^^^^^^^^^^^^^^^^^
  File "/usr/lib/python3.12/concurrent/futures/_base.py", line 401, in __get_result
    raise self._exception
ValueError: Unsupported dtype object
